/Users/afnanmazumder/Desktop/final project p3/retrain/analysis_oct2026/risk_threshold_calib.py:93: UserWarning: linestyle is redundantly defined by the 'linestyle' keyword argument and the fmt string "-o" (-> linestyle='-'). The keyword argument will take precedence.
  ax[0].plot([x["t"] for x in r], [x["high_recall"] for x in r], style, ms=3, ls="--", alpha=.6,
/Users/afnanmazumder/Desktop/final project p3/retrain/analysis_oct2026/risk_threshold_calib.py:93: UserWarning: linestyle is redundantly defined by the 'linestyle' keyword argument and the fmt string "-s" (-> linestyle='-'). The keyword argument will take precedence.
  ax[0].plot([x["t"] for x in r], [x["high_recall"] for x in r], style, ms=3, ls="--", alpha=.6,
=== risk-weighted evaluation (threshold 0.5) ===

High-risk (8 categories, 176 test positives)
   AND    P=0.581 R=0.631 F1=0.605  missed=65
   TRANS  P=0.392 R=0.841 F1=0.534  missed=28
   TFIDF  P=0.540 R=0.648 F1=0.589  missed=62
   OR     P=0.379 R=0.858 F1=0.526  missed=25

Medium-risk (22 categories, 498 test positives)
   AND    P=0.655 R=0.679 F1=0.667  missed=160
   TRANS  P=0.429 R=0.886 F1=0.578  missed=57
   TFIDF  P=0.621 R=0.723 F1=0.668  missed=138
   OR     P=0.424 R=0.930 F1=0.582  missed=35

Low-risk (11 categories, 674 test positives)
   AND    P=0.923 R=0.902 F1=0.912  missed=66
   TRANS  P=0.800 R=0.953 F1=0.870  missed=32
   TFIDF  P=0.909 R=0.917 F1=0.913  missed=56
   OR     P=0.792 R=0.967 F1=0.871  missed=22

missed High-risk clause rate: {'AND': 0.369, 'TRANS': 0.159, 'TFIDF': 0.352, 'OR': 0.142}

TRANS: best micro-F1 0.7529 at threshold 0.9 (default 0.5 gives 0.6924)

AND: best micro-F1 0.7789 at threshold 0.5 (default 0.5 gives 0.7789)

=== calibration of the score the app displays as 'confidence' ===
  TRANS (max-pooled)   ECE=0.205  Brier=0.195
      [0.0,0.1)  n= 1171  mean conf=0.042  actual=0.028
      [0.1,0.2)  n=  368  mean conf=0.143  actual=0.068
      [0.2,0.3)  n=  186  mean conf=0.246  actual=0.091
      [0.3,0.4)  n=  130  mean conf=0.344  actual=0.138
      [0.4,0.5)  n=  119  mean conf=0.450  actual=0.202
      [0.5,0.6)  n=  115  mean conf=0.550  actual=0.165
      [0.6,0.7)  n=  150  mean conf=0.648  actual=0.160
      [0.7,0.8)  n=  167  mean conf=0.755  actual=0.198
      [0.8,0.9)  n=  324  mean conf=0.856  actual=0.312
      [0.9,1.0)  n= 1452  mean conf=0.962  actual=0.726
  TFIDF                ECE=0.172  Brier=0.134
      [0.0,0.1)  n=   38  mean conf=0.086  actual=0.000
      [0.1,0.2)  n=  503  mean conf=0.158  actual=0.004
      [0.2,0.3)  n=  786  mean conf=0.251  actual=0.042
      [0.3,0.4)  n=  777  mean conf=0.350  actual=0.098
      [0.4,0.5)  n=  607  mean conf=0.450  actual=0.239
      [0.5,0.6)  n=  451  mean conf=0.549  actual=0.441
      [0.6,0.7)  n=  357  mean conf=0.648  actual=0.748
      [0.7,0.8)  n=  317  mean conf=0.745  actual=0.896
      [0.8,0.9)  n=  134  mean conf=0.842  actual=0.978
      [0.9,1.0)  n=  212  mean conf=0.997  actual=0.995

wrote figures/threshold_calibration.png
